[debug] [2026-09-23T18:08:21.193Z] ----------------------------------------------------------------------
[debug] [2026-09-23T18:08:21.196Z] Command:       C:\nvm4w\nodejs\node.exe C:\nvm4w\nodejs\node_modules\firebase-tools\lib\bin\firebase.js projects:list
[debug] [2026-09-23T18:08:21.196Z] CLI Version:   15.30.2
[debug] [2026-09-23T18:08:21.197Z] Platform:      win32
[debug] [2026-09-23T18:08:21.197Z] Node Version:  v24.19.0
[debug] [2026-09-23T18:08:21.197Z] Detected Agent: unknown
[debug] [2026-09-23T18:08:21.197Z] Time:          Wed Sep 23 2026 23:08:21 GMT+0500 (Pakistan Standard Time)
[debug] [2026-09-23T18:08:21.197Z] ----------------------------------------------------------------------
[debug] 
[debug] [2026-09-23T18:08:21.206Z] > command requires scopes: ["email","openid","https://www.googleapis.com/auth/cloudplatformprojects.readonly","https://www.googleapis.com/auth/firebase","https://www.googleapis.com/auth/cloud-platform"]
[debug] [2026-09-23T18:08:21.206Z] > authorizing via signed-in user (sarimhussain1289@gmail.com)
[debug] [2026-09-23T18:08:21.231Z] Checked if tokens are valid: true, expires at: 1790190493330
[debug] [2026-09-23T18:08:21.231Z] Checked if tokens are valid: true, expires at: 1790190493330
[debug] [2026-09-23T18:08:21.234Z] >>> [apiv2][query] GET https://firebase.googleapis.com/v1beta1/projects pageSize=1000
[debug] [2026-09-23T18:08:22.471Z] <<< [apiv2][status] GET https://firebase.googleapis.com/v1beta1/projects 200
[debug] [2026-09-23T18:08:22.471Z] <<< [apiv2][body] GET https://firebase.googleapis.com/v1beta1/projects [omitted]
[info] ┌────────────────────────┬───────────────┬────────────────┬──────────────────────┐
│ Project Display Name   │ Project ID    │ Project Number │ Resource Location ID │
├────────────────────────┼───────────────┼────────────────┼──────────────────────┤
│ Stylish                │ stylish-579d4 │ 995686697010   │ [Not specified]      │
├────────────────────────┼───────────────┼────────────────┼──────────────────────┤
│ Concept Authentication │ stylish-b7f27 │ 66600929238    │ [Not specified]      │
└────────────────────────┴───────────────┴────────────────┴──────────────────────┘
[info] 
[info] 2 project(s) total.
[debug] [2026-09-23T18:08:27.950Z] Error: Timed out.
    at Timeout._onTimeout (C:\Users\aashir\AppData\Local\nvm\v24.19.0\node_modules\firebase-tools\lib\utils.js:299:49)
    at listOnTimeout (node:internal/timers:635:17)
    at process.processTimers (node:internal/timers:571:7)
[error] 
[error] Error: An unexpected error has occurred.
